// Jest Snapshot v1, https://goo.gl/fbAQLP

exports[`<Button /> should render the heading 1`] = `
.emotion-0 {
  -webkit-align-items: center;
  -webkit-box-align: center;
  -ms-flex-align: center;
  align-items: center;
  background-color: #FFFFFF;
  border: none;
  border-radius: 100px;
  box-shadow: rgba(72, 79, 95, 0.06) 0px 2.25px 10.5px;
  color: #006AFF;
  cursor: pointer;
  display: -webkit-box;
  display: -webkit-flex;
  display: -ms-flexbox;
  display: flex;
  -webkit-flex-direction: row;
  -ms-flex-direction: row;
  flex-direction: row;
  font-family: fontFamily;
  font-size: 16;
  height: 48px;
  -webkit-box-pack: center;
  -ms-flex-pack: center;
  -webkit-justify-content: center;
  justify-content: center;
  margin: 0 auto;
  max-width: 100%;
  overflow: hidden;
  padding: 14px 30px;
  position: relative;
  text-align: center;
  -webkit-transition: all 0.2s ease 0s;
  transition: all 0.2s ease 0s;
  width: 300px;
}

.emotion-0:hover {
  background-color: #0095FF;
  border: none;
  color: #FFFFFF;
}

.emotion-0:active {
  box-shadow: rgba(190, 199, 214, 0.02) 0px 0.345043px 0.690086px -0.172521px,rgba(159, 171, 187, 0.03) 0px 0.690086px 0.862607px,rgba(72, 79, 95, 0.06) 0px 0.172521px 1.72521px;
}

.emotion-0 span {
  margin-right: 10px;
}

.emotion-0 svg {
  width: 15px;
  height: 15px;
}

<button
  class="emotion-0"
>
  <span>
    Button
  </span>
  <svg
    aria-hidden="true"
    fill="none"
    stroke="currentColor"
    stroke-width="1.5"
    viewBox="0 0 24 24"
    xmlns="http://www.w3.org/2000/svg"
  >
    <path
      d="M8.25 4.5l7.5 7.5-7.5 7.5"
      stroke-linecap="round"
      stroke-linejoin="round"
    />
  </svg>
</button>
`;
